"low","high","color"
"1",0,0.00334448160535117,"#FF0000"
"2",0.00334448160535117,0.00668896321070234,"#FD0000"
"3",0.00668896321070234,0.0100334448160535,"#FB0000"
"4",0.0100334448160535,0.0133779264214047,"#F90000"
"5",0.0133779264214047,0.0167224080267559,"#F80000"
"6",0.0167224080267559,0.020066889632107,"#F60000"
"7",0.020066889632107,0.0234113712374582,"#F40000"
"8",0.0234113712374582,0.0267558528428094,"#F30000"
"9",0.0267558528428094,0.0301003344481605,"#F10000"
"10",0.0301003344481605,0.0334448160535117,"#EF0000"
"11",0.0334448160535117,0.0367892976588629,"#ED0000"
"12",0.0367892976588629,0.040133779264214,"#EC0000"
"13",0.040133779264214,0.0434782608695652,"#EA0000"
"14",0.0434782608695652,0.0468227424749164,"#E80000"
"15",0.0468227424749164,0.0501672240802676,"#E70000"
"16",0.0501672240802676,0.0535117056856187,"#E50000"
"17",0.0535117056856187,0.0568561872909699,"#E30000"
"18",0.0568561872909699,0.0602006688963211,"#E10000"
"19",0.0602006688963211,0.0635451505016722,"#E00000"
"20",0.0635451505016722,0.0668896321070234,"#DE0000"
"21",0.0668896321070234,0.0702341137123746,"#DC0000"
"22",0.0702341137123746,0.0735785953177257,"#DB0000"
"23",0.0735785953177257,0.0769230769230769,"#D90000"
"24",0.0769230769230769,0.0802675585284281,"#D70000"
"25",0.0802675585284281,0.0836120401337793,"#D50000"
"26",0.0836120401337793,0.0869565217391304,"#D40000"
"27",0.0869565217391304,0.0903010033444816,"#D20000"
"28",0.0903010033444816,0.0936454849498328,"#D00000"
"29",0.0936454849498328,0.096989966555184,"#CF0000"
"30",0.096989966555184,0.100334448160535,"#CD0000"
"31",0.100334448160535,0.103678929765886,"#CB0000"
"32",0.103678929765886,0.107023411371237,"#C90000"
"33",0.107023411371237,0.110367892976589,"#C80000"
"34",0.110367892976589,0.11371237458194,"#C60000"
"35",0.11371237458194,0.117056856187291,"#C40000"
"36",0.117056856187291,0.120401337792642,"#C30000"
"37",0.120401337792642,0.123745819397993,"#C10000"
"38",0.123745819397993,0.127090301003344,"#BF0000"
"39",0.127090301003344,0.130434782608696,"#BD0000"
"40",0.130434782608696,0.133779264214047,"#BC0000"
"41",0.133779264214047,0.137123745819398,"#BA0000"
"42",0.137123745819398,0.140468227424749,"#B80000"
"43",0.140468227424749,0.1438127090301,"#B70000"
"44",0.1438127090301,0.147157190635451,"#B50000"
"45",0.147157190635451,0.150501672240803,"#B30000"
"46",0.150501672240803,0.153846153846154,"#B10000"
"47",0.153846153846154,0.157190635451505,"#B00000"
"48",0.157190635451505,0.160535117056856,"#AE0000"
"49",0.160535117056856,0.163879598662207,"#AC0000"
"50",0.163879598662207,0.167224080267559,"#AB0000"
"51",0.167224080267559,0.17056856187291,"#A90000"
"52",0.17056856187291,0.173913043478261,"#A70000"
"53",0.173913043478261,0.177257525083612,"#A60000"
"54",0.177257525083612,0.180602006688963,"#A40000"
"55",0.180602006688963,0.183946488294314,"#A20000"
"56",0.183946488294314,0.187290969899666,"#A00000"
"57",0.187290969899666,0.190635451505017,"#9F0000"
"58",0.190635451505017,0.193979933110368,"#9D0000"
"59",0.193979933110368,0.197324414715719,"#9B0000"
"60",0.197324414715719,0.20066889632107,"#9A0000"
"61",0.20066889632107,0.204013377926421,"#980000"
"62",0.204013377926421,0.207357859531773,"#960000"
"63",0.207357859531773,0.210702341137124,"#940000"
"64",0.210702341137124,0.214046822742475,"#930000"
"65",0.214046822742475,0.217391304347826,"#910000"
"66",0.217391304347826,0.220735785953177,"#8F0000"
"67",0.220735785953177,0.224080267558528,"#8E0000"
"68",0.224080267558528,0.22742474916388,"#8C0000"
"69",0.22742474916388,0.230769230769231,"#8A0000"
"70",0.230769230769231,0.234113712374582,"#880000"
"71",0.234113712374582,0.237458193979933,"#870000"
"72",0.237458193979933,0.240802675585284,"#850000"
"73",0.240802675585284,0.244147157190635,"#830000"
"74",0.244147157190635,0.247491638795987,"#820000"
"75",0.247491638795987,0.250836120401338,"#800000"
"76",0.250836120401338,0.254180602006689,"#7E0000"
"77",0.254180602006689,0.25752508361204,"#7C0000"
"78",0.25752508361204,0.260869565217391,"#7B0000"
"79",0.260869565217391,0.264214046822742,"#790000"
"80",0.264214046822742,0.267558528428094,"#770000"
"81",0.267558528428094,0.270903010033445,"#760000"
"82",0.270903010033445,0.274247491638796,"#740000"
"83",0.274247491638796,0.277591973244147,"#720000"
"84",0.277591973244147,0.280936454849498,"#700000"
"85",0.280936454849498,0.284280936454849,"#6F0000"
"86",0.284280936454849,0.287625418060201,"#6D0000"
"87",0.287625418060201,0.290969899665552,"#6B0000"
"88",0.290969899665552,0.294314381270903,"#6A0000"
"89",0.294314381270903,0.297658862876254,"#680000"
"90",0.297658862876254,0.301003344481605,"#660000"
"91",0.301003344481605,0.304347826086957,"#640000"
"92",0.304347826086957,0.307692307692308,"#630000"
"93",0.307692307692308,0.311036789297659,"#610000"
"94",0.311036789297659,0.31438127090301,"#5F0000"
"95",0.31438127090301,0.317725752508361,"#5E0000"
"96",0.317725752508361,0.321070234113712,"#5C0000"
"97",0.321070234113712,0.324414715719064,"#5A0000"
"98",0.324414715719064,0.327759197324415,"#580000"
"99",0.327759197324415,0.331103678929766,"#570000"
"100",0.331103678929766,0.334448160535117,"#550000"
"101",0.334448160535117,0.337792642140468,"#530000"
"102",0.337792642140468,0.341137123745819,"#520000"
"103",0.341137123745819,0.344481605351171,"#500000"
"104",0.344481605351171,0.347826086956522,"#4E0000"
"105",0.347826086956522,0.351170568561873,"#4D0000"
"106",0.351170568561873,0.354515050167224,"#4B0000"
"107",0.354515050167224,0.357859531772575,"#490000"
"108",0.357859531772575,0.361204013377926,"#470000"
"109",0.361204013377926,0.364548494983278,"#460000"
"110",0.364548494983278,0.367892976588629,"#440000"
"111",0.367892976588629,0.37123745819398,"#420000"
"112",0.37123745819398,0.374581939799331,"#410000"
"113",0.374581939799331,0.377926421404682,"#3F0000"
"114",0.377926421404682,0.381270903010033,"#3D0000"
"115",0.381270903010033,0.384615384615385,"#3B0000"
"116",0.384615384615385,0.387959866220736,"#3A0000"
"117",0.387959866220736,0.391304347826087,"#380000"
"118",0.391304347826087,0.394648829431438,"#360000"
"119",0.394648829431438,0.397993311036789,"#350000"
"120",0.397993311036789,0.40133779264214,"#330000"
"121",0.40133779264214,0.404682274247492,"#310000"
"122",0.404682274247492,0.408026755852843,"#2F0000"
"123",0.408026755852843,0.411371237458194,"#2E0000"
"124",0.411371237458194,0.414715719063545,"#2C0000"
"125",0.414715719063545,0.418060200668896,"#2A0000"
"126",0.418060200668896,0.421404682274247,"#290000"
"127",0.421404682274247,0.424749163879599,"#270000"
"128",0.424749163879599,0.42809364548495,"#250000"
"129",0.42809364548495,0.431438127090301,"#230000"
"130",0.431438127090301,0.434782608695652,"#220000"
"131",0.434782608695652,0.438127090301003,"#200000"
"132",0.438127090301003,0.441471571906354,"#1E0000"
"133",0.441471571906354,0.444816053511706,"#1D0000"
"134",0.444816053511706,0.448160535117057,"#1B0000"
"135",0.448160535117057,0.451505016722408,"#190000"
"136",0.451505016722408,0.454849498327759,"#170000"
"137",0.454849498327759,0.45819397993311,"#160000"
"138",0.45819397993311,0.461538461538462,"#140000"
"139",0.461538461538462,0.464882943143813,"#120000"
"140",0.464882943143813,0.468227424749164,"#110000"
"141",0.468227424749164,0.471571906354515,"#0F0000"
"142",0.471571906354515,0.474916387959866,"#0D0000"
"143",0.474916387959866,0.478260869565217,"#0B0000"
"144",0.478260869565217,0.481605351170569,"#0A0000"
"145",0.481605351170569,0.48494983277592,"#080000"
"146",0.48494983277592,0.488294314381271,"#060000"
"147",0.488294314381271,0.491638795986622,"#050000"
"148",0.491638795986622,0.494983277591973,"#030000"
"149",0.494983277591973,0.498327759197324,"#010000"
"150",0.498327759197324,0.501672240802676,"#000000"
"151",0.501672240802676,0.505016722408027,"#000100"
"152",0.505016722408027,0.508361204013378,"#000300"
"153",0.508361204013378,0.511705685618729,"#000500"
"154",0.511705685618729,0.51505016722408,"#000600"
"155",0.51505016722408,0.518394648829431,"#000800"
"156",0.518394648829431,0.521739130434783,"#000A00"
"157",0.521739130434783,0.525083612040134,"#000B00"
"158",0.525083612040134,0.528428093645485,"#000D00"
"159",0.528428093645485,0.531772575250836,"#000F00"
"160",0.531772575250836,0.535117056856187,"#001100"
"161",0.535117056856187,0.538461538461538,"#001200"
"162",0.538461538461538,0.54180602006689,"#001400"
"163",0.54180602006689,0.545150501672241,"#001600"
"164",0.545150501672241,0.548494983277592,"#001700"
"165",0.548494983277592,0.551839464882943,"#001900"
"166",0.551839464882943,0.555183946488294,"#001B00"
"167",0.555183946488294,0.558528428093645,"#001D00"
"168",0.558528428093645,0.561872909698997,"#001E00"
"169",0.561872909698997,0.565217391304348,"#002000"
"170",0.565217391304348,0.568561872909699,"#002200"
"171",0.568561872909699,0.57190635451505,"#002300"
"172",0.57190635451505,0.575250836120401,"#002500"
"173",0.575250836120401,0.578595317725752,"#002700"
"174",0.578595317725752,0.581939799331104,"#002900"
"175",0.581939799331104,0.585284280936455,"#002A00"
"176",0.585284280936455,0.588628762541806,"#002C00"
"177",0.588628762541806,0.591973244147157,"#002E00"
"178",0.591973244147157,0.595317725752508,"#002F00"
"179",0.595317725752508,0.598662207357859,"#003100"
"180",0.598662207357859,0.602006688963211,"#003300"
"181",0.602006688963211,0.605351170568562,"#003500"
"182",0.605351170568562,0.608695652173913,"#003600"
"183",0.608695652173913,0.612040133779264,"#003800"
"184",0.612040133779264,0.615384615384615,"#003A00"
"185",0.615384615384615,0.618729096989967,"#003B00"
"186",0.618729096989967,0.622073578595318,"#003D00"
"187",0.622073578595318,0.625418060200669,"#003F00"
"188",0.625418060200669,0.62876254180602,"#004100"
"189",0.62876254180602,0.632107023411371,"#004200"
"190",0.632107023411371,0.635451505016722,"#004400"
"191",0.635451505016722,0.638795986622074,"#004600"
"192",0.638795986622074,0.642140468227425,"#004700"
"193",0.642140468227425,0.645484949832776,"#004900"
"194",0.645484949832776,0.648829431438127,"#004B00"
"195",0.648829431438127,0.652173913043478,"#004D00"
"196",0.652173913043478,0.655518394648829,"#004E00"
"197",0.655518394648829,0.658862876254181,"#005000"
"198",0.658862876254181,0.662207357859532,"#005200"
"199",0.662207357859532,0.665551839464883,"#005300"
"200",0.665551839464883,0.668896321070234,"#005500"
"201",0.668896321070234,0.672240802675585,"#005700"
"202",0.672240802675585,0.675585284280936,"#005800"
"203",0.675585284280936,0.678929765886288,"#005A00"
"204",0.678929765886288,0.682274247491639,"#005C00"
"205",0.682274247491639,0.68561872909699,"#005E00"
"206",0.68561872909699,0.688963210702341,"#005F00"
"207",0.688963210702341,0.692307692307692,"#006100"
"208",0.692307692307692,0.695652173913043,"#006300"
"209",0.695652173913043,0.698996655518395,"#006400"
"210",0.698996655518395,0.702341137123746,"#006600"
"211",0.702341137123746,0.705685618729097,"#006800"
"212",0.705685618729097,0.709030100334448,"#006A00"
"213",0.709030100334448,0.712374581939799,"#006B00"
"214",0.712374581939799,0.71571906354515,"#006D00"
"215",0.71571906354515,0.719063545150502,"#006F00"
"216",0.719063545150502,0.722408026755853,"#007000"
"217",0.722408026755853,0.725752508361204,"#007200"
"218",0.725752508361204,0.729096989966555,"#007400"
"219",0.729096989966555,0.732441471571906,"#007600"
"220",0.732441471571906,0.735785953177257,"#007700"
"221",0.735785953177257,0.739130434782609,"#007900"
"222",0.739130434782609,0.74247491638796,"#007B00"
"223",0.74247491638796,0.745819397993311,"#007C00"
"224",0.745819397993311,0.749163879598662,"#007E00"
"225",0.749163879598662,0.752508361204013,"#008000"
"226",0.752508361204013,0.755852842809364,"#008200"
"227",0.755852842809364,0.759197324414716,"#008300"
"228",0.759197324414716,0.762541806020067,"#008500"
"229",0.762541806020067,0.765886287625418,"#008700"
"230",0.765886287625418,0.769230769230769,"#008800"
"231",0.769230769230769,0.77257525083612,"#008A00"
"232",0.77257525083612,0.775919732441472,"#008C00"
"233",0.775919732441472,0.779264214046823,"#008E00"
"234",0.779264214046823,0.782608695652174,"#008F00"
"235",0.782608695652174,0.785953177257525,"#009100"
"236",0.785953177257525,0.789297658862876,"#009300"
"237",0.789297658862876,0.792642140468227,"#009400"
"238",0.792642140468227,0.795986622073579,"#009600"
"239",0.795986622073579,0.79933110367893,"#009800"
"240",0.79933110367893,0.802675585284281,"#009A00"
"241",0.802675585284281,0.806020066889632,"#009B00"
"242",0.806020066889632,0.809364548494983,"#009D00"
"243",0.809364548494983,0.812709030100334,"#009F00"
"244",0.812709030100334,0.816053511705686,"#00A000"
"245",0.816053511705686,0.819397993311037,"#00A200"
"246",0.819397993311037,0.822742474916388,"#00A400"
"247",0.822742474916388,0.826086956521739,"#00A600"
"248",0.826086956521739,0.82943143812709,"#00A700"
"249",0.82943143812709,0.832775919732441,"#00A900"
"250",0.832775919732441,0.836120401337793,"#00AB00"
"251",0.836120401337793,0.839464882943144,"#00AC00"
"252",0.839464882943144,0.842809364548495,"#00AE00"
"253",0.842809364548495,0.846153846153846,"#00B000"
"254",0.846153846153846,0.849498327759197,"#00B100"
"255",0.849498327759197,0.852842809364548,"#00B300"
"256",0.852842809364548,0.8561872909699,"#00B500"
"257",0.8561872909699,0.859531772575251,"#00B700"
"258",0.859531772575251,0.862876254180602,"#00B800"
"259",0.862876254180602,0.866220735785953,"#00BA00"
"260",0.866220735785953,0.869565217391304,"#00BC00"
"261",0.869565217391304,0.872909698996655,"#00BD00"
"262",0.872909698996655,0.876254180602007,"#00BF00"
"263",0.876254180602007,0.879598662207358,"#00C100"
"264",0.879598662207358,0.882943143812709,"#00C300"
"265",0.882943143812709,0.88628762541806,"#00C400"
"266",0.88628762541806,0.889632107023411,"#00C600"
"267",0.889632107023411,0.892976588628763,"#00C800"
"268",0.892976588628763,0.896321070234114,"#00C900"
"269",0.896321070234114,0.899665551839465,"#00CB00"
"270",0.899665551839465,0.903010033444816,"#00CD00"
"271",0.903010033444816,0.906354515050167,"#00CF00"
"272",0.906354515050167,0.909698996655518,"#00D000"
"273",0.909698996655518,0.91304347826087,"#00D200"
"274",0.91304347826087,0.916387959866221,"#00D400"
"275",0.916387959866221,0.919732441471572,"#00D500"
"276",0.919732441471572,0.923076923076923,"#00D700"
"277",0.923076923076923,0.926421404682274,"#00D900"
"278",0.926421404682274,0.929765886287625,"#00DB00"
"279",0.929765886287625,0.933110367892977,"#00DC00"
"280",0.933110367892977,0.936454849498328,"#00DE00"
"281",0.936454849498328,0.939799331103679,"#00E000"
"282",0.939799331103679,0.94314381270903,"#00E100"
"283",0.94314381270903,0.946488294314381,"#00E300"
"284",0.946488294314381,0.949832775919732,"#00E500"
"285",0.949832775919732,0.953177257525084,"#00E700"
"286",0.953177257525084,0.956521739130435,"#00E800"
"287",0.956521739130435,0.959866220735786,"#00EA00"
"288",0.959866220735786,0.963210702341137,"#00EC00"
"289",0.963210702341137,0.966555183946488,"#00ED00"
"290",0.966555183946488,0.969899665551839,"#00EF00"
"291",0.969899665551839,0.973244147157191,"#00F100"
"292",0.973244147157191,0.976588628762542,"#00F300"
"293",0.976588628762542,0.979933110367893,"#00F400"
"294",0.979933110367893,0.983277591973244,"#00F600"
"295",0.983277591973244,0.986622073578595,"#00F800"
"296",0.986622073578595,0.989966555183946,"#00F900"
"297",0.989966555183946,0.993311036789298,"#00FB00"
"298",0.993311036789298,0.996655518394649,"#00FD00"
"299",0.996655518394649,1,"#00FF00"
